// autogenerated by syzkaller (http://github.com/google/syzkaller)

#define _GNU_SOURCE

#include <sys/syscall.h>
#include <unistd.h>

#include <stdint.h>
#include <string.h>

long r[86];
void loop()
{
  memset(r, -1, sizeof(r));
  r[0] = syscall(__NR_keyctl, 0x2ul, 0xfffffffffffffffdul, 0x20000000ul,
                 0x0ul);
  r[1] = syscall(__NR_mmap, 0x20000000ul, 0x1000ul, 0x3ul, 0x32ul,
                 0xfffffffffffffffful, 0x0ul);
  memcpy((void*)0x20000ff8, "\x6b\x65\x79\x72\x69\x6e\x67\x00", 8);
  *(uint8_t*)0x20ace000 = (uint8_t)0x73;
  *(uint8_t*)0x20ace001 = (uint8_t)0x79;
  *(uint8_t*)0x20ace002 = (uint8_t)0x7a;
  *(uint8_t*)0x20ace003 = (uint8_t)0x20;
  *(uint8_t*)0x20ace004 = (uint8_t)0x0;
  r[8] = syscall(__NR_add_key, 0x20000ff8ul, 0x20ace000ul, 0x0ul, 0x0ul,
                 0xfffffffffffffff8ul);
  r[9] = syscall(__NR_mmap, 0x20000000ul, 0x1000ul, 0x3ul, 0x32ul,
                 0xfffffffffffffffful, 0x0ul);
  r[10] = syscall(__NR_keyctl, 0xbul, r[8], 0x20000f0bul, 0xf5ul);
  r[11] = syscall(__NR_mmap, 0x20001000ul, 0x1000ul, 0x3ul, 0x32ul,
                  0xfffffffffffffffful, 0x0ul);
  r[12] = syscall(__NR_mmap, 0x20001000ul, 0x1000ul, 0x3ul, 0x32ul,
                  0xfffffffffffffffful, 0x0ul);
  memcpy((void*)0x20000ffb, "\x75\x73\x65\x72\x00", 5);
  *(uint8_t*)0x20001000 = (uint8_t)0x73;
  *(uint8_t*)0x20001001 = (uint8_t)0x79;
  *(uint8_t*)0x20001002 = (uint8_t)0x7a;
  *(uint8_t*)0x20001003 = (uint8_t)0x22;
  *(uint8_t*)0x20001004 = (uint8_t)0x0;
  memcpy((void*)0x20001ff8, "\x6b\x65\x79\x72\x69\x6e\x67\x00", 8);
  r[20] = syscall(__NR_request_key, 0x20000ffbul, 0x20001000ul,
                  0x20001ff8ul, r[8]);
  memcpy((void*)0x20001f5a,
         "\xe0\x4e\x9a\x72\xde\x0a\x0a\x2c\xe7\x71\x3d\x5a\x7a\x86\x7a"
         "\x20\x9b\x9f\x59\xe4\x21\x93\xfa\x5f\xbc\xa2\x28\xbd\xdb\x40"
         "\xb1\xd6\x34\x0d\x35\xb9\x23\x47\x01\xa8\x3e\x39\x6a\xfa\x36"
         "\x2c\xd3\xbc\xeb\xed\x27\x27\x9b\x60\xc0\xaa\x55\xc6\x28\xe1"
         "\x6c\x26\xbc\x7d\x21\xce\x5d\xe3\x42\x50\xbc\x91\xb3\xb0\x98"
         "\x6c\xc2\x5a\x26\x61\x09\x51\xe6\x42\x4e\x92\xae\x93\xb7\xa5"
         "\xb9\xe3\x70\x66\xf8\x61\x17\x2a\xa3\xc4\x32\x7c\x6d\x46\xb8"
         "\x72\xa1\xed\x53\x30\xd1\x19\xef\xc4\x08\xea\x5c\x8b\x9d\xaa"
         "\x01\x4c\xcd\xa6\x45\x3b\xc0\x86\x55\x32\x0c\xd3\x1b\x38\x6e"
         "\x65\x8e\x9d\x5e\x36\xcc\x3b\x5c\xd4\xd4\xf5\xdc\x2f\xf4\x3e"
         "\x50\x64\x81\x1d\xc3\xb8\x72\x8c\x75\xad\x62\x7a\x40\xf4\xa0"
         "\xc9",
         166);
  r[22] = syscall(__NR_keyctl, 0xcul, r[8], 0x20001f5aul, 0xa6ul, r[8]);
  r[23] = syscall(__NR_mmap, 0x20002000ul, 0x1000ul, 0x3ul, 0x32ul,
                  0xfffffffffffffffful, 0x0ul);
  memcpy((void*)0x20002000,
         "\xd6\xdb\x7f\x19\x4e\x9f\x68\x66\xa3\x46\xda\x09\x4d\x13\x67"
         "\xef\x5a\x69\x0f\x59\x6f\xc7\x72\x56\xb1\xfc\x70\xcf\x17\x49"
         "\x8c\x7b\xa4\xc4\x21\x54\xa4\xe0\xc4\x36\x7e\xde\x4f\xa4\xff"
         "\x82\xb2\xf1\x8e\x2f\x23\x6f\x7b\x4f\x62\x21\x10\xed\x64\x1c"
         "\xe8\x16\x1e\x7d\xba\xfe\x2c",
         67);
  r[25] = syscall(__NR_keyctl, 0x2ul, r[20], 0x20002000ul, 0x43ul);
  r[26] = syscall(__NR_keyctl, 0xbul, r[8], 0x20000000ul, 0x0ul);
  r[27] = syscall(__NR_mmap, 0x20003000ul, 0x1000ul, 0x3ul, 0x32ul,
                  0xfffffffffffffffful, 0x0ul);
  r[28] = syscall(__NR_mmap, 0x20003000ul, 0x1000ul, 0x3ul, 0x32ul,
                  0xfffffffffffffffful, 0x0ul);
  memcpy((void*)0x20003000, "\x6b\x65\x79\x72\x69\x6e\x67\x00", 8);
  *(uint8_t*)0x20003ffb = (uint8_t)0x73;
  *(uint8_t*)0x20003ffc = (uint8_t)0x79;
  *(uint8_t*)0x20003ffd = (uint8_t)0x7a;
  *(uint8_t*)0x20003ffe = (uint8_t)0x20;
  *(uint8_t*)0x20003fff = (uint8_t)0x0;
  r[35] = syscall(__NR_add_key, 0x20003000ul, 0x20003ffbul, 0x0ul,
                  0x0ul, r[8]);
  r[36] = syscall(__NR_keyctl, 0x2ul, r[35], 0x20000000ul, 0x0ul);
  memcpy((void*)0x20003000, "\x6b\x65\x79\x72\x69\x6e\x67\x00", 8);
  *(uint8_t*)0x20002000 = (uint8_t)0x73;
  *(uint8_t*)0x20002001 = (uint8_t)0x79;
  *(uint8_t*)0x20002002 = (uint8_t)0x7a;
  *(uint8_t*)0x20002003 = (uint8_t)0x20;
  *(uint8_t*)0x20002004 = (uint8_t)0x0;
  r[43] = syscall(__NR_add_key, 0x20003000ul, 0x20002000ul,
                  0x20000000ul, 0x0ul, r[8]);
  r[44] = syscall(__NR_mmap, 0x20004000ul, 0x1000ul, 0x3ul, 0x32ul,
                  0xfffffffffffffffful, 0x0ul);
  r[45] = syscall(__NR_mmap, 0x20004000ul, 0x1000ul, 0x3ul, 0x32ul,
                  0xfffffffffffffffful, 0x0ul);
  memcpy((void*)0x20004000, "\x6b\x65\x79\x72\x69\x6e\x67\x00", 8);
  *(uint8_t*)0x20004000 = (uint8_t)0x73;
  *(uint8_t*)0x20004001 = (uint8_t)0x79;
  *(uint8_t*)0x20004002 = (uint8_t)0x7a;
  *(uint8_t*)0x20004003 = (uint8_t)0x23;
  *(uint8_t*)0x20004004 = (uint8_t)0x0;
  r[52] = syscall(__NR_add_key, 0x20004000ul, 0x20004000ul, 0x0ul,
                  0x0ul, r[20]);
  memcpy((void*)0x20002000,
         "\x88\xdb\x05\x8e\x2f\x57\x12\x98\xbe\xa6\xe5\x70\xbf\x7d\x27"
         "\xbb\xa3\xcf\x2b\xe1\x13\x10\xc8\x7c\x0b\xf0\x80\x8d\x5b\x4e"
         "\x01\xd9\xe3\x01\x88\x8f\xab\xd9\x12\x81\xf7\xc7\xf8\x77\x96"
         "\x8a\x37\xbb\xcc\xad\xe9\x4a\xbe\x7d\x08\xef\x4f\x05\x3c\x06"
         "\x5b\x25\xb9\xc7\x3a\x71\xfa\x57\xca\x4f\x61\xc0\x3c\x5b\x3c"
         "\x3e\x5d\xda\x0c\xaa\xc6\xa2\x38\xeb\x5e\xbe\x1a\xe1\xa7\x40"
         "\x84\xeb\x6c\xa7\xc6\xc0\xc9\x77\xec\x2b\x14\x79\xc0\xd8\x5a"
         "\x30\xa8\x08\x77\xcd\x7c\x4d\xb6\xf1\x25\x54\x4f\xd6\x31\x99"
         "\x86\xb3\x9c\x07\x5b\x02\x08\x6f\x3f\x77\x1d\xe3\x15\x6e\x0d"
         "\xff\xd4\x34\x94\xb9\x17\xf8\x04\x62\x66\x2e\x31\x56\x18\xec"
         "\x5b\x4e\xe6\x46\xc4\xe9\xff\xc8\x82\xef\x27\x43\xb8\xca\x2d"
         "\x53\xa8\x47\xc9\x17\xec\x99\x1a\x27\x6a\x00\x33\xc3\x59\x77"
         "\x18\xd8\x4c\x67\xab\xac\x23\xf8\xc1\x77\x31\x2f\x7b\xec\x77"
         "\xed\x68\x90\x70\x00\x15\x5b\x2b\x97\xfc\x98\x16\x00\x13\x71"
         "\x6d\x12\x78\xf9\xf0\xd6\x14\xf2\x7c\xf4\x00\xd3\xf1\xdd\xb7"
         "\xae\xec\x0f\xa7\x4e\x3e\x33\x86\x80\x3c\xa5\xff\x2f\xf2\xc6",
         240);
  r[54] =
      syscall(__NR_keyctl, 0xcul, r[52], 0x20002000ul, 0xf0ul, r[20]);
  r[55] = syscall(__NR_mmap, 0x20005000ul, 0x1000ul, 0x3ul, 0x32ul,
                  0xfffffffffffffffful, 0x0ul);
  r[56] = syscall(__NR_mmap, 0x20005000ul, 0x1000ul, 0x3ul, 0x32ul,
                  0xfffffffffffffffful, 0x0ul);
  memcpy((void*)0x20000ff3,
         "\x64\x6e\x73\x5f\x72\x65\x73\x6f\x6c\x76\x65\x72\x00", 13);
  *(uint8_t*)0x20005000 = (uint8_t)0x73;
  *(uint8_t*)0x20005001 = (uint8_t)0x79;
  *(uint8_t*)0x20005002 = (uint8_t)0x7a;
  *(uint8_t*)0x20005003 = (uint8_t)0x23;
  *(uint8_t*)0x20005004 = (uint8_t)0x0;
  memcpy((void*)0x20005000,
         "\x43\x2b\xbf\xe7\xf7\xf8\x0d\x0b\x0a\x20\xc8\x81\xb0\xa8\x61"
         "\xc1\x2e\xc3\xb1\x2c\x56\x1d\x85\x79\x4a\xfb\x98\xac\x3d\xd3"
         "\xfe\x93\x7b\x45\x4c\xa0\x09\xf0\x69\x8f\x7d\x26\x6d\xa9\xe9"
         "\x74\xb7\xed\x0b\xb4\x77\x1c\x16\x6c\xfb\x7e\x41\x19\x13\x36"
         "\xe3\x1c\xdd\x60\xa7\x48\x07\x61\xa6\xc5\xcb\x90\xb6\x12\x3a"
         "\x69\x5b\x72\xea\x82\x72\xa2\x95\x03\xba\x5c\xf7\x69\x2e\xf9"
         "\x29\x4a\x01\x33\x46\x26\x63\xe2\x40\x25\xe7\xfc\x4e\xcd\xfd"
         "\x01\x0c\x3a\x05\xa9\x02\x1a\x33\x7e\xde\xc4\x12\x2c\x9b\xb4"
         "\x57\x0a\x11\xc9\xb3\xbf\x9b\x49\x9f\xb9\x0c\xf5\x90\x14\x09"
         "\xed\xac\xfe\x1e\x85\xa5\xcd\xa1\xbc\xe5\x64\x9c\x88\x0f\xfb"
         "\x53\x05\x06\xae\xa8\xdc\x01\xef\xbf\xf1\xcb\xdc\x57\x65\xb9"
         "\x02\x93\x21\x07\x4a\x3e\x31\xd5\x55\x0a\x5f\xb1\x1d\x59\xcb"
         "\xb2\xde\x13\x05\x73\xc0\x6d\x0f\x04\x9a\xf4\x72\x14",
         193);
  r[64] = syscall(__NR_add_key, 0x20000ff3ul, 0x20005000ul,
                  0x20005000ul, 0xc1ul, r[8]);
  r[65] = syscall(__NR_keyctl, 0xbul, r[35], 0x20005000ul, 0xb8ul);
  r[66] = syscall(__NR_mmap, 0x20006000ul, 0x1000ul, 0x3ul, 0x32ul,
                  0xfffffffffffffffful, 0x0ul);
  memcpy((void*)0x20002000, "\x72\x78\x72\x70\x63\x00", 6);
  *(uint8_t*)0x20002000 = (uint8_t)0x73;
  *(uint8_t*)0x20002001 = (uint8_t)0x79;
  *(uint8_t*)0x20002002 = (uint8_t)0x7a;
  *(uint8_t*)0x20002003 = (uint8_t)0x23;
  *(uint8_t*)0x20002004 = (uint8_t)0x0;
  memcpy((void*)0x20006ffb, "\x75\x73\x65\x72\x00", 5);
  r[74] = syscall(__NR_request_key, 0x20002000ul, 0x20002000ul,
                  0x20006ffbul, r[8]);
  r[75] =
      syscall(__NR_keyctl, 0xcul, r[52], 0x20000000ul, 0x0ul, r[52]);
  r[76] = syscall(__NR_mmap, 0x20007000ul, 0x1000ul, 0x3ul, 0x32ul,
                  0xfffffffffffffffful, 0x0ul);
  r[77] = syscall(__NR_mmap, 0x20007000ul, 0x1000ul, 0x3ul, 0x32ul,
                  0xfffffffffffffffful, 0x0ul);
  memcpy((void*)0x20007000, "\x2e\x72\x65\x71\x75\x65\x73\x74\x5f\x6b"
                            "\x65\x79\x5f\x61\x75\x74\x68\x00",
         18);
  *(uint8_t*)0x20003000 = (uint8_t)0x73;
  *(uint8_t*)0x20003001 = (uint8_t)0x79;
  *(uint8_t*)0x20003002 = (uint8_t)0x7a;
  *(uint8_t*)0x20003003 = (uint8_t)0x23;
  *(uint8_t*)0x20003004 = (uint8_t)0x0;
  memcpy((void*)0x20007000, "\x75\x73\x65\x72\x00", 5);
  r[85] = syscall(__NR_request_key, 0x20007000ul, 0x20003000ul,
                  0x20007000ul, r[43]);
}


/*WARNING: Image format was not specified for '/home/ww9210/develop/kuafffp/test/0728_test/img/wheezy.img' and probing guessed raw.
         Automatically detecting the format is dangerous for raw images, write operations on block 0 will be restricted.
         Specify the 'raw' format explicitly to remove the restrictions.
early console in setup code
early console in extract_kernel
input_data: 0x0000000003bc2276
input_len: 0x00000000011f914b
output: 0x0000000001000000
output_len: 0x00000000038aa9f8
kernel_total_size: 0x0000000003ddb000

Decompressing Linux... Parsing ELF... done.
Booting the kernel.
[    0.000000] Linux version 4.10.0+ (ww9210@ww9210-Latitude-E5540) (gcc version 8.0.0 20170502 (experimental) (GCC) ) #1 SMP Sat Jan 27 19:48:51 EST 2018
[    0.000000] Command line: console=ttyS0 root=/dev/sda debug earlyprintk=serial oops=panic panic_on_warn=1
[    0.000000] x86/fpu: Legacy x87 FPU detected.
[    0.000000] e820: BIOS-provided physical RAM map:
[    0.000000] BIOS-e820: [mem 0x0000000000000000-0x000000000009fbff] usable
[    0.000000] BIOS-e820: [mem 0x000000000009fc00-0x000000000009ffff] reserved
[    0.000000] BIOS-e820: [mem 0x00000000000f0000-0x00000000000fffff] reserved
[    0.000000] BIOS-e820: [mem 0x0000000000100000-0x000000003ffdffff] usable
[    0.000000] BIOS-e820: [mem 0x000000003ffe0000-0x000000003fffffff] reserved
[    0.000000] BIOS-e820: [mem 0x00000000feffc000-0x00000000feffffff] reserved
[    0.000000] BIOS-e820: [mem 0x00000000fffc0000-0x00000000ffffffff] reserved
[    0.000000] bootconsole [earlyser0] enabled
[    0.000000] NX (Execute Disable) protection: active
[    0.000000] SMBIOS 2.8 present.
[    0.000000] DMI: QEMU Standard PC (i440FX + PIIX, 1996), BIOS Ubuntu-1.8.2-1ubuntu1 04/01/2014
[    0.000000] Hypervisor detected: KVM
[    0.000000] e820: update [mem 0x00000000-0x00000fff] usable ==> reserved
[    0.000000] e820: remove [mem 0x000a0000-0x000fffff] usable
[    0.000000] e820: last_pfn = 0x3ffe0 max_arch_pfn = 0x400000000
[    0.000000] MTRR default type: write-back
[    0.000000] MTRR fixed ranges enabled:
[    0.000000]   00000-9FFFF write-back
[    0.000000]   A0000-BFFFF uncachable
[    0.000000]   C0000-FFFFF write-protect
[    0.000000] MTRR variable ranges enabled:
[    0.000000]   0 base 0080000000 mask FF80000000 uncachable
[    0.000000]   1 disabled
[    0.000000]   2 disabled
[    0.000000]   3 disabled
[    0.000000]   4 disabled
[    0.000000]   5 disabled
[    0.000000]   6 disabled
[    0.000000]   7 disabled
[    0.000000] x86/PAT: PAT not supported by CPU.
[    0.000000] x86/PAT: Configuration [0-7]: WB  WT  UC- UC  WB  WT  UC- UC  
[    0.000000] found SMP MP-table at [mem 0x000f6620-0x000f662f] mapped at [ffff8800000f6620]
[    0.000000] Scanning 1 areas for low memory corruption
[    0.000000] Base memory trampoline at [ffff880000099000] 99000 size 24576
[    0.000000] BRK [0x04db6000, 0x04db6fff] PGTABLE
[    0.000000] BRK [0x04db7000, 0x04db7fff] PGTABLE
[    0.000000] BRK [0x04db8000, 0x04db8fff] PGTABLE
[    0.000000] BRK [0x04db9000, 0x04db9fff] PGTABLE
[    0.000000] ACPI: Early table checksum verification disabled
[    0.000000] ACPI: RSDP 0x00000000000F63F0 000014 (v00 BOCHS )
[    0.000000] ACPI: RSDT 0x000000003FFE1737 000034 (v01 BOCHS  BXPCRSDT 00000001 BXPC 00000001)
[    0.000000] ACPI: FACP 0x000000003FFE0C14 000074 (v01 BOCHS  BXPCFACP 00000001 BXPC 00000001)
[    0.000000] ACPI: DSDT 0x000000003FFE0040 000BD4 (v01 BOCHS  BXPCDSDT 00000001 BXPC 00000001)
[    0.000000] ACPI: FACS 0x000000003FFE0000 000040
[    0.000000] ACPI: SSDT 0x000000003FFE0C88 0009F7 (v01 BOCHS  BXPCSSDT 00000001 BXPC 00000001)
[    0.000000] ACPI: APIC 0x000000003FFE167F 000080 (v01 BOCHS  BXPCAPIC 00000001 BXPC 00000001)
[    0.000000] ACPI: HPET 0x000000003FFE16FF 000038 (v01 BOCHS  BXPCHPET 00000001 BXPC 00000001)
[    0.000000] ACPI: Local APIC address 0xfee00000
[    0.000000] No NUMA configuration found
[    0.000000] Faking a node at [mem 0x0000000000000000-0x000000003ffdffff]
[    0.000000] NODE_DATA(0) allocated [mem 0x3ffdc000-0x3ffdffff]
[    0.000000] kvm-clock: Using msrs 4b564d01 and 4b564d00
[    0.000000] kvm-clock: cpu 0, msr 0:3ffdb001, primary cpu clock
[    0.000000] kvm-clock: using sched offset of 2232776204 cycles
[    0.000000] clocksource: kvm-clock: mask: 0xffffffffffffffff max_cycles: 0x1cd42e4dffb, max_idle_ns: 881590591483 ns
[    0.000000] Zone ranges:
[    0.000000]   DMA      [mem 0x0000000000001000-0x0000000000ffffff]
[    0.000000]   DMA32    [mem 0x0000000001000000-0x000000003ffdffff]
[    0.000000]   Normal   empty
[    0.000000] Movable zone start for each node
[    0.000000] Early memory node ranges
[    0.000000]   node   0: [mem 0x0000000000001000-0x000000000009efff]
[    0.000000]   node   0: [mem 0x0000000000100000-0x000000003ffdffff]
[    0.000000] Initmem setup node 0 [mem 0x0000000000001000-0x000000003ffdffff]
[    0.000000] On node 0 totalpages: 262014
[    0.000000]   DMA zone: 64 pages used for memmap
[    0.000000]   DMA zone: 21 pages reserved
[    0.000000]   DMA zone: 3998 pages, LIFO batch:0
[    0.000000]   DMA32 zone: 4032 pages used for memmap
[    0.000000]   DMA32 zone: 258016 pages, LIFO batch:31
[    0.000000] kasan: KernelAddressSanitizer initialized
[    0.000000] ACPI: PM-Timer IO Port: 0x608
[    0.000000] ACPI: Local APIC address 0xfee00000
[    0.000000] ACPI: LAPIC_NMI (acpi_id[0xff] dfl dfl lint[0x1])
[    0.000000] IOAPIC[0]: apic_id 0, version 17, address 0xfec00000, GSI 0-23
[    0.000000] ACPI: INT_SRC_OVR (bus 0 bus_irq 0 global_irq 2 dfl dfl)
[    0.000000] ACPI: INT_SRC_OVR (bus 0 bus_irq 5 global_irq 5 high level)
[    0.000000] ACPI: INT_SRC_OVR (bus 0 bus_irq 9 global_irq 9 high level)
[    0.000000] ACPI: INT_SRC_OVR (bus 0 bus_irq 10 global_irq 10 high level)
[    0.000000] ACPI: INT_SRC_OVR (bus 0 bus_irq 11 global_irq 11 high level)
[    0.000000] ACPI: IRQ0 used by override.
[    0.000000] ACPI: IRQ5 used by override.
[    0.000000] ACPI: IRQ9 used by override.
[    0.000000] ACPI: IRQ10 used by override.
[    0.000000] ACPI: IRQ11 used by override.
[    0.000000] Using ACPI (MADT) for SMP configuration information
[    0.000000] ACPI: HPET id: 0x8086a201 base: 0xfed00000
[    0.000000] smpboot: Allowing 2 CPUs, 0 hotplug CPUs
[    0.000000] PM: Registered nosave memory: [mem 0x00000000-0x00000fff]
[    0.000000] PM: Registered nosave memory: [mem 0x0009f000-0x0009ffff]
[    0.000000] PM: Registered nosave memory: [mem 0x000a0000-0x000effff]
[    0.000000] PM: Registered nosave memory: [mem 0x000f0000-0x000fffff]
[    0.000000] e820: [mem 0x40000000-0xfeffbfff] available for PCI devices
[    0.000000] Booting paravirtualized kernel on KVM
[    0.000000] clocksource: refined-jiffies: mask: 0xffffffff max_cycles: 0xffffffff, max_idle_ns: 1910969940391419 ns
[    0.000000] setup_percpu: NR_CPUS:64 nr_cpumask_bits:64 nr_cpu_ids:2 nr_node_ids:1
[    0.000000] percpu: Embedded 43 pages/cpu @ffff880036000000 s138072 r8192 d29864 u1048576
[    0.000000] pcpu-alloc: s138072 r8192 d29864 u1048576 alloc=1*2097152
[    0.000000] pcpu-alloc: [0] 0 1 
[    0.000000] KVM setup async PF for cpu 0
[    0.000000] kvm-stealtime: cpu 0, msr 360159c0
[    0.000000] Built 1 zonelists in Node order, mobility grouping on.  Total pages: 257897
[    0.000000] Policy zone: DMA32
[    0.000000] Kernel command line: console=ttyS0 root=/dev/sda debug earlyprintk=serial oops=panic panic_on_warn=1
[    0.000000] PID hash table entries: 4096 (order: 3, 32768 bytes)
[    0.000000] Calgary: detecting Calgary via BIOS EBDA area
[    0.000000] Calgary: Unable to locate Rio Grande table in EBDA - bailing!
[    0.000000] Memory: 828668K/1048056K available (39105K kernel code, 4876K rwdata, 5452K rodata, 1900K init, 9260K bss, 219388K reserved, 0K cma-reserved)
[    0.000000] SLUB: HWalign=64, Order=0-3, MinObjects=0, CPUs=2, Nodes=1
[    0.000000] Hierarchical RCU implementation.
[    0.000000] 	Build-time adjustment of leaf fanout to 64.
[    0.000000] 	RCU restricting CPUs from NR_CPUS=64 to nr_cpu_ids=2.
[    0.000000] RCU: Adjusting geometry for rcu_fanout_leaf=64, nr_cpu_ids=2
[    0.000000] NR_IRQS:4352 nr_irqs:440 16
[    0.000000] Console: colour VGA+ 80x25
[    0.000000] console [ttyS0] enabled
[    0.000000] console [ttyS0] enabled
[    0.000000] bootconsole [earlyser0] disabled
[    0.000000] bootconsole [earlyser0] disabled
[    0.000000] clocksource: hpet: mask: 0xffffffff max_cycles: 0xffffffff, max_idle_ns: 19112604467 ns
[    0.000000] hpet clockevent registered
[    0.000000] tsc: Detected 2693.758 MHz processor
[    0.099759] Calibrating delay loop (skipped) preset value.. 5387.51 BogoMIPS (lpj=2693758)
[    0.100491] pid_max: default: 32768 minimum: 301
[    0.100887] ACPI: Core revision 20160930
[    0.117762] ACPI: 2 ACPI AML tables successfully acquired and loaded
[    0.118375] Security Framework initialized
[    0.118717] SELinux:  Initializing.
[    0.119080] SELinux:  Starting in permissive mode
[    0.119571] Dentry cache hash table entries: 131072 (order: 8, 1048576 bytes)
[    0.120873] Inode-cache hash table entries: 65536 (order: 7, 524288 bytes)
[    0.121757] Mount-cache hash table entries: 2048 (order: 2, 16384 bytes)
[    0.122354] Mountpoint-cache hash table entries: 2048 (order: 2, 16384 bytes)
[    0.123551] mce: CPU supports 10 MCE banks
[    0.123943] Last level iTLB entries: 4KB 0, 2MB 0, 4MB 0
[    0.124421] Last level dTLB entries: 4KB 0, 2MB 0, 4MB 0, 1GB 0
[    0.125180] Freeing SMP alternatives memory: 36K
[    0.126566] smpboot: Max logical packages: 2
[    0.127698] ..TIMER: vector=0x30 apic1=0 pin1=2 apic2=-1 pin2=-1
[    0.230018] smpboot: CPU0: Intel QEMU Virtual CPU version 2.5+ (family: 0x6, model: 0x6, stepping: 0x3)
[    0.230925] Performance Events: PMU not available due to virtualization, using software events only.
[    0.232027] smp: Bringing up secondary CPUs ...
[    0.232645] x86: Booting SMP configuration:
[    0.232992] .... node  #0, CPUs:      #1
[    0.233108] kvm-clock: cpu 1, msr 0:3ffdb041, secondary cpu clock
[    0.254419] KVM setup async PF for cpu 1
[    0.254728] kvm-stealtime: cpu 1, msr 361159c0
[    0.255115] smp: Brought up 1 node, 2 CPUs
[    0.255472] smpboot: Total of 2 processors activated (10775.03 BogoMIPS)
[    0.256743] devtmpfs: initialized
[    0.260672] kworker/u4:0 (20) used greatest stack depth: 25592 bytes left
[    0.260945] clocksource: jiffies: mask: 0xffffffff max_cycles: 0xffffffff, max_idle_ns: 1911260446275000 ns
[    0.260968] futex hash table entries: 512 (order: 3, 32768 bytes)
[    0.261295] RTC time:  2:43:26, date: 01/28/18
[    0.261846] NET: Registered protocol family 16
[    0.264894] kworker/u4:0 (23) used greatest stack depth: 24408 bytes left
[    0.268115] cpuidle: using governor menu
[    0.268577] PCCT header not found.
[    0.269149] ACPI: bus type PCI registered
[    0.270040] PCI: Using configuration type 1 for base access
[    0.312683] HugeTLB registered 2 MB page size, pre-allocated 0 pages
[    0.314267] ACPI: Added _OSI(Module Device)
[    0.314699] ACPI: Added _OSI(Processor Device)
[    0.315069] ACPI: Added _OSI(3.0 _SCP Extensions)
[    0.315484] ACPI: Added _OSI(Processor Aggregator Device)
[    0.324853] ACPI: Interpreter enabled
[    0.325258] ACPI: (supports S0 S3 S4 S5)
[    0.325609] ACPI: Using IOAPIC for interrupt routing
[    0.326113] PCI: Using host bridge windows from ACPI; if necessary, use "pci=nocrs" and report a bug
[    0.361304] ACPI: PCI Root Bridge [PCI0] (domain 0000 [bus 00-ff])
[    0.361857] acpi PNP0A03:00: _OSC: OS supports [ASPM ClockPM Segments MSI]
[    0.362476] acpi PNP0A03:00: _OSC failed (AE_NOT_FOUND); disabling ASPM
[    0.363082] acpi PNP0A03:00: fail to add MMCONFIG information, can't access extended PCI configuration space under this bridge.
[    0.364375] PCI host bridge to bus 0000:00
[    0.364737] pci_bus 0000:00: root bus resource [io  0x0000-0x0cf7 window]
[    0.365292] pci_bus 0000:00: root bus resource [io  0x0d00-0xffff window]
[    0.365865] pci_bus 0000:00: root bus resource [mem 0x000a0000-0x000bffff window]
[    0.366503] pci_bus 0000:00: root bus resource [mem 0x40000000-0xfebfffff window]
[    0.367110] pci_bus 0000:00: root bus resource [bus 00-ff]
[    0.367608] pci 0000:00:00.0: [8086:1237] type 00 class 0x060000
[    0.369413] pci 0000:00:01.0: [8086:7000] type 00 class 0x060100
[    0.371332] pci 0000:00:01.1: [8086:7010] type 00 class 0x010180
[    0.373320] pci 0000:00:01.1: reg 0x20: [io  0xc040-0xc04f]
[    0.374605] pci 0000:00:01.1: legacy IDE quirk: reg 0x10: [io  0x01f0-0x01f7]
[    0.375186] pci 0000:00:01.1: legacy IDE quirk: reg 0x14: [io  0x03f6]
[    0.375735] pci 0000:00:01.1: legacy IDE quirk: reg 0x18: [io  0x0170-0x0177]
[    0.376317] pci 0000:00:01.1: legacy IDE quirk: reg 0x1c: [io  0x0376]
[    0.378028] pci 0000:00:01.3: [8086:7113] type 00 class 0x068000
[    0.378839] pci 0000:00:01.3: quirk: [io  0x0600-0x063f] claimed by PIIX4 ACPI
[    0.379453] pci 0000:00:01.3: quirk: [io  0x0700-0x070f] claimed by PIIX4 SMB
[    0.381233] pci 0000:00:02.0: [1234:1111] type 00 class 0x030000
[    0.383125] pci 0000:00:02.0: reg 0x10: [mem 0xfd000000-0xfdffffff pref]
[    0.385361] pci 0000:00:02.0: reg 0x18: [mem 0xfebf0000-0xfebf0fff]
[    0.389641] pci 0000:00:02.0: reg 0x30: [mem 0xfebe0000-0xfebeffff pref]
[    0.391493] pci 0000:00:03.0: [8086:100e] type 00 class 0x020000
[    0.392832] pci 0000:00:03.0: reg 0x10: [mem 0xfebc0000-0xfebdffff]
[    0.394304] pci 0000:00:03.0: reg 0x14: [io  0xc000-0xc03f]
[    0.397337] pci 0000:00:03.0: reg 0x30: [mem 0xfeb80000-0xfebbffff pref]
[    0.402887] ACPI: PCI Interrupt Link [LNKA] (IRQs 5 *10 11)
[    0.404560] ACPI: PCI Interrupt Link [LNKB] (IRQs 5 *10 11)
[    0.405773] ACPI: PCI Interrupt Link [LNKC] (IRQs 5 10 *11)
[    0.406989] ACPI: PCI Interrupt Link [LNKD] (IRQs 5 10 *11)
[    0.407779] ACPI: PCI Interrupt Link [LNKS] (IRQs *9)
[    0.410295] ACPI: Enabled 16 GPEs in block 00 to 0F
[    0.412320] pci 0000:00:02.0: vgaarb: setting as boot VGA device
[    0.412825] pci 0000:00:02.0: vgaarb: VGA device added: decodes=io+mem,owns=io+mem,locks=none
[    0.413551] pci 0000:00:02.0: vgaarb: bridge control possible
[    0.414038] vgaarb: loaded
[    0.414857] SCSI subsystem initialized
[    0.414915] kworker/u4:1 (499) used greatest stack depth: 23528 bytes left
[    0.416012] libata version 3.00 loaded.
[    0.416563] ACPI: bus type USB registered
[    0.417134] usbcore: registered new interface driver usbfs
[    0.417697] usbcore: registered new interface driver hub
[    0.418230] usbcore: registered new device driver usb
[    0.418827] pps_core: LinuxPPS API ver. 1 registered
[    0.419265] pps_core: Software ver. 5.3.6 - Copyright 2005-2007 Rodolfo Giometti <giometti@linux.it>
[    0.420105] PTP clock support registered
[    0.420951] Advanced Linux Sound Architecture Driver Initialized.
[    0.421618] PCI: Using ACPI for IRQ routing
[    0.422012] PCI: pci_cache_line_size set to 64 bytes
[    0.422505] e820: reserve RAM buffer [mem 0x0009fc00-0x0009ffff]
[    0.423018] e820: reserve RAM buffer [mem 0x3ffe0000-0x3fffffff]
[    0.424764] NetLabel: Initializing
[    0.425079] NetLabel:  domain hash size = 128
[    0.425485] NetLabel:  protocols = UNLABELED CIPSOv4 CALIPSO
[    0.426042] NetLabel:  unlabeled traffic allowed by default
[    0.426840] HPET: 3 timers in total, 0 timers will be used for per-cpu timer
[    0.427478] hpet0: at MMIO 0xfed00000, IRQs 2, 8, 0
[    0.427896] hpet0: 3 comparators, 64-bit 100.000000 MHz counter
[    0.432741] clocksource: Switched to clocksource kvm-clock
[    0.477037] VFS: Disk quotas dquot_6.6.0
[    0.477416] VFS: Dquot-cache hash table entries: 512 (order 0, 4096 bytes)
[    0.478363] pnp: PnP ACPI init
[    0.478986] pnp 00:00: Plug and Play ACPI device, IDs PNP0b00 (active)
[    0.479851] pnp 00:01: Plug and Play ACPI device, IDs PNP0303 (active)
[    0.480669] pnp 00:02: Plug and Play ACPI device, IDs PNP0f13 (active)
[    0.481452] pnp 00:03: [dma 2]
[    0.481890] pnp 00:03: Plug and Play ACPI device, IDs PNP0700 (active)
[    0.482840] pnp 00:04: Plug and Play ACPI device, IDs PNP0400 (active)
[    0.483771] pnp 00:05: Plug and Play ACPI device, IDs PNP0501 (active)
[    0.486173] pnp: PnP ACPI: found 6 devices
[    0.499201] kworker/u4:1 (627) used greatest stack depth: 23480 bytes left
[    0.503764] clocksource: acpi_pm: mask: 0xffffff max_cycles: 0xffffff, max_idle_ns: 2085701024 ns
[    0.504504] pci_bus 0000:00: resource 4 [io  0x0000-0x0cf7 window]
[    0.505033] pci_bus 0000:00: resource 5 [io  0x0d00-0xffff window]
[    0.505531] pci_bus 0000:00: resource 6 [mem 0x000a0000-0x000bffff window]
[    0.506110] pci_bus 0000:00: resource 7 [mem 0x40000000-0xfebfffff window]
[    0.507005] NET: Registered protocol family 2
[    0.507856] TCP established hash table entries: 8192 (order: 4, 65536 bytes)
[    0.508508] TCP bind hash table entries: 8192 (order: 5, 131072 bytes)
[    0.509104] TCP: Hash tables configured (established 8192 bind 8192)
[    0.509653] UDP hash table entries: 512 (order: 2, 16384 bytes)
[    0.510181] UDP-Lite hash table entries: 512 (order: 2, 16384 bytes)
[    0.510866] NET: Registered protocol family 1
[    0.511597] RPC: Registered named UNIX socket transport module.
[    0.512125] RPC: Registered udp transport module.
[    0.512533] RPC: Registered tcp transport module.
[    0.512954] RPC: Registered tcp NFSv4.1 backchannel transport module.
[    0.513477] pci 0000:00:00.0: Limiting direct PCI/PCI transfers
[    0.513994] pci 0000:00:01.0: PIIX3: Enabling Passive Release
[    0.514471] pci 0000:00:01.0: Activating ISA DMA hang workarounds
[    0.515035] pci 0000:00:02.0: Video device with shadowed ROM at [mem 0x000c0000-0x000dffff]
[    0.515716] PCI: CLS 0 bytes, default 64
[    0.517355] Scanning for low memory corruption every 60 seconds
[    0.519279] audit: initializing netlink subsys (disabled)
[    0.520881] audit: type=2000 audit(1517107406.851:1): initialized
[    0.521568] workingset: timestamp_bits=56 max_order=18 bucket_order=0
[    0.551146] NFS: Registering the id_resolver key type
[    0.551644] Key type id_resolver registered
[    0.552025] Key type id_legacy registered
[    0.552565] 9p: Installing v9fs 9p2000 file system support
[    0.553590] SELinux:  Registering netfilter hooks
[    0.556771] Block layer SCSI generic (bsg) driver version 0.4 loaded (major 251)
[    0.557390] io scheduler noop registered
[    0.557709] io scheduler deadline registered
[    0.558495] io scheduler cfq registered (default)
[    0.561063] input: Power Button as /devices/LNXSYSTM:00/LNXPWRBN:00/input/input0
[    0.561718] ACPI: Power Button [PWRF]
[    0.563211] Serial: 8250/16550 driver, 4 ports, IRQ sharing enabled
[    0.586497] 00:05: ttyS0 at I/O 0x3f8 (irq = 4, base_baud = 115200) is a 16550A
[    0.589556] Non-volatile memory driver v1.3
[    0.590128] Linux agpgart interface v0.103
[    0.590813] [drm] Initialized
[    0.600370] loop: module loaded
[    0.601900] ata_piix 0000:00:01.1: version 2.13
[    0.605190] scsi host0: ata_piix
[    0.606654] scsi host1: ata_piix
[    0.607372] ata1: PATA max MWDMA2 cmd 0x1f0 ctl 0x3f6 bmdma 0xc040 irq 14
[    0.607981] ata2: PATA max MWDMA2 cmd 0x170 ctl 0x376 bmdma 0xc048 irq 15
[    0.608998] e100: Intel(R) PRO/100 Network Driver, 3.5.24-k2-NAPI
[    0.609493] e100: Copyright(c) 1999-2006 Intel Corporation
[    0.610102] e1000: Intel(R) PRO/1000 Network Driver - version 7.3.21-k8-NAPI
[    0.610699] e1000: Copyright (c) 1999-2006 Intel Corporation.
[    0.765109] ata1.01: NODEV after polling detection
[    0.765790] ata1.00: ATA-7: QEMU HARDDISK, 2.5+, max UDMA/100
[    0.766299] ata1.00: 4194304 sectors, multi 16: LBA48 
[    0.767131] ata1.00: configured for MWDMA2
[    0.767850] scsi 0:0:0:0: Direct-Access     ATA      QEMU HARDDISK    2.5+ PQ: 0 ANSI: 5
[    0.773081] ata2.01: NODEV after polling detection
[    0.773729] ata2.00: ATAPI: QEMU DVD-ROM, 2.5+, max UDMA/100
[    0.774603] ata2.00: configured for MWDMA2
[    0.982102] sd 0:0:0:0: [sda] 4194304 512-byte logical blocks: (2.15 GB/2.00 GiB)
[    0.982844] sd 0:0:0:0: [sda] Write Protect is off
[    0.983285] sd 0:0:0:0: [sda] Mode Sense: 00 3a 00 00
[    0.983817] sd 0:0:0:0: Attached scsi generic sg0 type 0
[    0.984499] sd 0:0:0:0: [sda] Write cache: enabled, read cache: enabled, doesn't support DPO or FUA
[    0.986963] kworker/u4:0 (957) used greatest stack depth: 21960 bytes left
[    0.988600] sd 0:0:0:0: [sda] Attached SCSI disk
[    0.989344] scsi 1:0:0:0: CD-ROM            QEMU     QEMU DVD-ROM     2.5+ PQ: 0 ANSI: 5
[    1.108343] sr 1:0:0:0: [sr0] scsi3-mmc drive: 4x/4x cd/rw xa/form2 tray
[    1.109158] cdrom: Uniform CD-ROM driver Revision: 3.20
[    1.111475] sr 1:0:0:0: Attached scsi CD-ROM sr0
[    1.112840] sr 1:0:0:0: Attached scsi generic sg1 type 5
[    1.335049] ACPI: PCI Interrupt Link [LNKC] enabled at IRQ 11
[    1.535786] tsc: Refined TSC clocksource calibration: 2693.785 MHz
[    1.536326] clocksource: tsc: mask: 0xffffffffffffffff max_cycles: 0x26d44f3a38d, max_idle_ns: 440795230783 ns
[    1.639377] e1000 0000:00:03.0 eth0: (PCI:33MHz:32-bit) 52:54:00:12:34:56
[    1.640293] e1000 0000:00:03.0 eth0: Intel(R) PRO/1000 Network Connection
[    1.641294] e1000e: Intel(R) PRO/1000 Network Driver - 3.2.6-k
[    1.642060] e1000e: Copyright(c) 1999 - 2015 Intel Corporation.
[    1.642951] sky2: driver version 1.30
[    1.644166] ehci_hcd: USB 2.0 'Enhanced' Host Controller (EHCI) Driver
[    1.644826] ehci-pci: EHCI PCI platform driver
[    1.645285] ohci_hcd: USB 1.1 'Open' Host Controller (OHCI) Driver
[    1.645868] ohci-pci: OHCI PCI platform driver
[    1.646283] uhci_hcd: USB Universal Host Controller Interface driver
[    1.647208] usbcore: registered new interface driver usblp
[    1.647763] usbcore: registered new interface driver usb-storage
[    1.648416] i8042: PNP: PS/2 Controller [PNP0303:KBD,PNP0f13:MOU] at 0x60,0x64 irq 1,12
[    1.649808] serio: i8042 KBD port at 0x60,0x64 irq 1
[    1.650222] serio: i8042 AUX port at 0x60,0x64 irq 12
[    1.651134] mousedev: PS/2 mouse device common for all mice
[    1.652431] input: AT Translated Set 2 keyboard as /devices/platform/i8042/serio0/input/input1
[    1.653801] rtc_cmos 00:00: RTC can wake from S4
[    1.655259] rtc_cmos 00:00: rtc core: registered rtc_cmos as rtc0
[    1.656470] rtc_cmos 00:00: alarms up to one day, 114 bytes nvram, hpet irqs
[    1.659091] device-mapper: ioctl: 4.35.0-ioctl (2016-06-23) initialised: dm-devel@redhat.com
[    1.660036] hidraw: raw HID events driver (C) Jiri Kosina
[    1.662357] usbcore: registered new interface driver usbhid
[    1.662868] usbhid: USB HID core driver
[    1.664796] Netfilter messages via NETLINK v0.30.
[    1.665449] nf_conntrack version 0.5.0 (6656 buckets, 26624 max)
[    1.666272] ctnetlink v0.93: registering with nfnetlink.
[    1.667017] ip_tables: (C) 2000-2006 Netfilter Core Team
[    1.667536] Initializing XFRM netlink socket
[    1.669463] NET: Registered protocol family 10
[    1.671148] Segment Routing with IPv6
[    1.671522] ip6_tables: (C) 2000-2006 Netfilter Core Team
[    1.672527] sit: IPv6, IPv4 and MPLS over IPv4 tunneling driver
[    1.673822] NET: Registered protocol family 17
[    1.674276] 9pnet: Installing 9P2000 support
[    1.674695] Key type dns_resolver registered
[    1.676641] registered taskstats version 1
[    1.677451]   Magic number: 2:965:713
[    1.677850] console [netcon0] enabled
[    1.678154] netconsole: network logging started
[    1.678962] PM: Hibernation image not present or could not be loaded.
[    1.679486] ALSA device list:
[    1.679730]   No soundcards found.
[    2.279277] random: fast init done
[    2.281453] input: ImExPS/2 Generic Explorer Mouse as /devices/platform/i8042/serio1/input/input3
[    2.284838] md: Waiting for all devices to be available before autodetect
[    2.286374] md: If you don't use raid, use raid=noautodetect
[    2.288484] md: Autodetecting RAID arrays.
[    2.288884] md: autorun ...
[    2.289117] md: ... autorun DONE.
[    2.289870] EXT4-fs (sda): couldn't mount as ext3 due to feature incompatibilities
[    2.290837] EXT4-fs (sda): couldn't mount as ext2 due to feature incompatibilities
[    2.292275] EXT4-fs (sda): INFO: recovery required on readonly filesystem
[    2.292872] EXT4-fs (sda): write access will be enabled during recovery
[    2.410894] EXT4-fs (sda): recovery complete
[    2.422264] EXT4-fs (sda): mounted filesystem with ordered data mode. Opts: (null)
[    2.423076] VFS: Mounted root (ext4 filesystem) readonly on device 8:0.
[    2.424068] devtmpfs: mounted
[    2.427908] Freeing unused kernel memory: 1900K
[    2.428287] Write protecting the kernel read-only data: 47104k
[    2.429888] Freeing unused kernel memory: 1840K
[    2.434692] Freeing unused kernel memory: 692K
SELinux:  Could not open policy file <= /etc/selinux/targeted/policy/policy.30:  No such file or directory
INIT: version 2.88 booting
[    2.502715] stty (1088) used greatest stack depth: 20144 bytes left
[[36minfo[39;49m] Using makefile-style concurrent boot in runlevel S.
[....] Starting the hotplug events dispatcher: udevd[    2.720367] udevd[1198]: starting version 175
[?25l[?1c7[1G[[32m ok [39;49m8[?25h[?0c.
[....] Synthesizing the initial hotplug events...[    2.897713] cdrom_id (1270) used greatest stack depth: 18360 bytes left
[?25l[?1c7[1G[[32m ok [39;49m8[?25h[?0cdone.
[....] Waiting for /dev to be fully populated...[?25l[?1c7[1G[[32m ok [39;49m8[?25h[?0cdone.
[....] Activating swap...[?25l[?1c7[1G[[32m ok [39;49m8[?25h[?0cdone.
[    3.119340] random: crng init done
[    3.139552] EXT4-fs (sda): re-mounted. Opts: (null)
[....] Cleaning up temporary files... /tmp[?25l[?1c7[1G[[32m ok [39;49m8[?25h[?0c.
[....] Activating lvm and md swap...[?25l[?1c7[1G[[32m ok [39;49m8[?25h[?0cdone.
[....] Checking file systems...fsck from util-linux 2.20.1
[?25l[?1c7[1G[[32m ok [39;49m8[?25h[?0cdone.
[....] Mounting local filesystems...[?25l[?1c7[1G[[32m ok [39;49m8[?25h[?0cdone.
[....] Activating swapfile swap...[?25l[?1c7[1G[[32m ok [39;49m8[?25h[?0cdone.
[....] Cleaning up temporary files...[?25l[?1c7[1G[[32m ok [39;49m8[?25h[?0c.
[....] Setting kernel variables ...sysctl: cannot stat /proc/sys/net/core/bpf_jit_enable: No such file or directory
sysctl: cannot stat /proc/sys/net/core/bpf_jit_harden: No such file or directory
[?25l[?1c7[1G[[32m ok [39;49m8[?25h[?0cdone.
[....] Configuring network interfaces...Internet Systems Consortium DHCP Client 4.2.2
Copyright 2004-2011 Internet Systems Consortium.
All rights reserved.
For info, please visit https://www.isc.org/software/dhcp/

[    4.032535] IPv6: ADDRCONF(NETDEV_UP): eth0: link is not ready
[    4.033533] e1000: eth0 NIC Link is Up 1000 Mbps Full Duplex, Flow Control: RX
[    4.034536] IPv6: ADDRCONF(NETDEV_CHANGE): eth0: link becomes ready
Listening on LPF/eth0/52:54:00:12:34:56
Sending on   LPF/eth0/52:54:00:12:34:56
Sending on   Socket/fallback
DHCPREQUEST on eth0 to 255.255.255.255 port 67
DHCPACK from 10.0.2.2
bound to 10.0.2.15 -- renewal in 32797 seconds.
[?25l[?1c7[1G[[32m ok [39;49m8[?25h[?0cdone.
[....] Cleaning up temporary files...[?25l[?1c7[1G[[32m ok [39;49m8[?25h[?0c.
INIT: Entering runlevel: 2
[[36minfo[39;49m] Using makefile-style concurrent boot in runlevel 2.
[....] Starting enhanced syslogd: rsyslogd[?25l[?1c7[1G[[32m ok [39;49m8[?25h[?0c.
[....] Starting periodic command scheduler: cron[?25l[?1c7[1G[[32m ok [39;49m8[?25h[?0c.
[....] Starting OpenBSD Secure Shell server: sshd[?25l[?1c7[1G[[32m ok [39;49m8[?25h[?0c.

Debian GNU/Linux 7 syzkaller ttyS0

syzkaller login: [   16.098360] ==================================================================
[   16.101730] BUG: KASAN: use-after-free in wait_for_key_construction+0x115/0x130 at addr ffff880031d9d078
[   16.104880] Read of size 8 by task poc/2640
[   16.106287] CPU: 1 PID: 2640 Comm: poc Not tainted 4.10.0+ #1
[   16.108208] Hardware name: QEMU Standard PC (i440FX + PIIX, 1996), BIOS Ubuntu-1.8.2-1ubuntu1 04/01/2014
[   16.111344] Call Trace:
[   16.112198]  dump_stack+0xdc/0x17c
[   16.113357]  ? _atomic_dec_and_lock+0x214/0x214
[   16.114699]  ? tty_write+0x525/0x860
[   16.115058]  ? wait_for_key_construction+0x115/0x130
[   16.115549]  kasan_object_err+0x1c/0x70
[   16.115934]  kasan_report.part.1+0x201/0x4c0
[   16.116322]  ? __vfs_write+0x103/0x890
[   16.116628]  ? __fget_light+0x297/0x380
[   16.116942]  __asan_report_load8_noabort+0x29/0x30
[   16.117330]  wait_for_key_construction+0x115/0x130
[   16.117719]  lookup_user_key+0xa15/0xf30
[   16.118039]  ? join_session_keyring+0x310/0x310
[   16.118408]  ? security_file_permission+0x89/0x1e0
[   16.118800]  ? __fsnotify_parent+0x5e/0x2a0
[   16.119140]  ? key_validate+0xb0/0xb0
[   16.119441]  ? kasan_check_write+0x14/0x20
[   16.119775]  ? _copy_from_user+0x7e/0xc0
[   16.120095]  keyctl_update_key+0xab/0x100
[   16.120422]  SyS_keyctl+0x1fc/0x240
[   16.120709]  entry_SYSCALL_64_fastpath+0x1a/0xa9
[   16.121083] RIP: 0033:0x442a19
[   16.121334] RSP: 002b:00007ffe2961f4d8 EFLAGS: 00000246 ORIG_RAX: 00000000000000fa
[   16.121938] RAX: ffffffffffffffda RBX: 0000000000000000 RCX: 0000000000442a19
[   16.122505] RDX: 0000000020000000 RSI: fffffffffffffffd RDI: 0000000000000002
[   16.123076] RBP: 00007ffe2961f5d0 R08: 0000000000000020 R09: 00007ffe2961f5d0
[   16.123645] R10: 0000000000000000 R11: 0000000000000246 R12: 0000000000402e10
[   16.124215] R13: 0000000000402ea0 R14: 0000000000000000 R15: 0000000000000000
[   16.124801] Object at ffff880031d9d000, in cache key_jar size: 192
[   16.125307] Allocated:
[   16.125503] PID = 2640
[   16.125702]  save_stack_trace+0x16/0x20
[   16.126016]  save_stack+0x43/0xd0
[   16.126289]  kasan_kmalloc+0xae/0xe0
[   16.126582]  kasan_slab_alloc+0x12/0x20
[   16.126898]  kmem_cache_alloc+0xa8/0x160
[   16.127219]  key_alloc+0x3f1/0x1010
[   16.127505]  keyring_alloc+0x55/0xb0
[   16.127797]  join_session_keyring+0x299/0x310
[   16.128150]  keyctl_join_session_keyring+0x3e/0x70
[   16.128536]  SyS_keyctl+0x20e/0x240
[   16.128822]  entry_SYSCALL_64_fastpath+0x1a/0xa9
[   16.129193] Freed:
[   16.129362] PID = 965
[   16.129558]  save_stack_trace+0x16/0x20
[   16.129871]  save_stack+0x43/0xd0
[   16.130143]  kasan_slab_free+0x73/0xc0
[   16.130449]  kmem_cache_free+0x72/0x190
[   16.130766]  key_gc_unused_keys.constprop.4+0x1b5/0x660
[   16.131188]  key_garbage_collector+0x48f/0xab0
[   16.131549]  process_one_work+0x9c3/0x1590
[   16.131883]  worker_thread+0x1df/0x14b0
[   16.132196]  kthread+0x2e7/0x3a0
[   16.132462]  ret_from_fork+0x2c/0x40
[   16.132752] Memory state around the buggy address:
[   16.133140]  ffff880031d9cf00: ff ff ff ff ff ff ff ff ff ff ff ff ff ff ff ff
[   16.133717]  ffff880031d9cf80: ff ff ff ff ff ff ff ff ff ff ff ff ff ff ff ff
[   16.134293] >ffff880031d9d000: fb fb fb fb fb fb fb fb fb fb fb fb fb fb fb fb
[   16.134872]                                                                 ^
[   16.135441]  ffff880031d9d080: fb fb fb fb fb fb fb fb fc fc fc fc fc fc fc fc
[   16.136018]  ffff880031d9d100: fc fc fc fc fc fc fc fc fc fc fc fc fc fc fc fc
[   16.136593] ==================================================================
[   16.137167] Disabling lock debugging due to kernel taint
[   16.137657] Kernel panic - not syncing: panic_on_warn set ...
[   16.137657] 
[   16.138249] CPU: 1 PID: 2640 Comm: poc Tainted: G    B           4.10.0+ #1
[   16.138807] Hardware name: QEMU Standard PC (i440FX + PIIX, 1996), BIOS Ubuntu-1.8.2-1ubuntu1 04/01/2014
[   16.139555] Call Trace:
[   16.139760]  dump_stack+0xdc/0x17c
[   16.140039]  ? _atomic_dec_and_lock+0x214/0x214
[   16.140405]  panic+0x1af/0x388
[   16.140656]  ? copy_signal+0xb98/0xb98
[   16.140961]  ? __cpuidle_text_end+0x6/0x6
[   16.141287]  kasan_end_report+0x5b/0x60
[   16.141599]  kasan_report.part.1+0x3ff/0x4c0
[   16.141946]  __asan_report_load8_noabort+0x29/0x30
[   16.142332]  wait_for_key_construction+0x115/0x130
[   16.142721]  lookup_user_key+0xa15/0xf30
[   16.143044]  ? join_session_keyring+0x310/0x310
[   16.143410]  ? security_file_permission+0x89/0x1e0
[   16.143796]  ? __fsnotify_parent+0x5e/0x2a0
[   16.144134]  ? key_validate+0xb0/0xb0
[   16.144433]  ? kasan_check_write+0x14/0x20
[   16.144765]  ? _copy_from_user+0x7e/0xc0
[   16.145083]  keyctl_update_key+0xab/0x100
[   16.145408]  SyS_keyctl+0x1fc/0x240
[   16.145693]  entry_SYSCALL_64_fastpath+0x1a/0xa9
[   16.146065] RIP: 0033:0x442a19
[   16.146315] RSP: 002b:00007ffe2961f4d8 EFLAGS: 00000246 ORIG_RAX: 00000000000000fa
[   16.146919] RAX: ffffffffffffffda RBX: 0000000000000000 RCX: 0000000000442a19
[   16.147485] RDX: 0000000020000000 RSI: fffffffffffffffd RDI: 0000000000000002
[   16.148052] RBP: 00007ffe2961f5d0 R08: 0000000000000020 R09: 00007ffe2961f5d0
[   16.148617] R10: 0000000000000000 R11: 0000000000000246 R12: 0000000000402e10
[   16.149183] R13: 0000000000402ea0 R14: 0000000000000000 R15: 0000000000000000
[   16.149896] Kernel Offset: disabled
[   16.150216] ---[ end Kernel panic - not syncing: panic_on_warn set ...
[   16.150216] 
qemu-system-x86_64: terminating on signal 15 from pid 16264
*/